1.（选做）使用 GCLogAnalysis.java 自己演练一遍串行 / 并行 /CMS/G1 的案例。

## 不同GC参数

先编译好GCLogAnalysis.java文件

首先，什么参数都不加，`java GCLogAnalysis`

```
E:\mycode\camp\src\main\java>java GCLogAnalysis
正在执行...
执行结束!共生成对象次数:15629

E:\mycode\camp\src\main\java>java GCLogAnalysis
正在执行...
执行结束!共生成对象次数:16584

E:\mycode\camp\src\main\java>java GCLogAnalysis
正在执行...
执行结束!共生成对象次数:16244
```

使用的jdk是java8，默认用的并行GC，1/4的电脑内存，即上面的命令等同于
`java -Xmx4g -XX:+UseParallelGC GCLogAnalysis`

使用该命令继续测试，结果跟前面差别不大

```
E:\mycode\camp\src\main\java>java -Xmx4g -XX:+UseParallelGC GCLogAnalysis
正在执行...
执行结束!共生成对象次数:15864

E:\mycode\camp\src\main\java>java -Xmx4g -XX:+UseParallelGC GCLogAnalysis
正在执行...
执行结束!共生成对象次数:16053

E:\mycode\camp\src\main\java>java -Xmx4g -XX:+UseParallelGC GCLogAnalysis
正在执行...
执行结束!共生成对象次数:15972
```

可以加上打印GC日志和时间戳参数，分析GC日志情况

`java -Xmx1g -Xms1g -XX:+PrintGCDetails -XX:+UseParallelGC -XX:+PrintGCDateStamps GCLogAnalysis`

``` 
2021-01-30T16:11:49.916+0800: [GC (Allocation Failure) [PSYoungGen: 262144K->43518K(305664K)] 262144K->82664K(1005056K), 0.0147948 secs] [Times: user=0.00 sys=0.13, real=0.02 secs]
```

日志分析：

305664K为young区大小，262144K为当前已使用，43518K为清理之后的大小
1005056K为堆的大小，262144K为当前已使用，82664K为清理之后的大小
消耗了0.0147948 secs
Times: user=0.00 sys=0.13, real=0.02 secs为CPU使用情况


```
2021-01-30T16:11:50.354+0800: [Full GC (Ergonomics) [PSYoungGen: 40413K->0K(232960K)] [ParOldGen: 602664K->335597K(699392K)] 643078K->335597K(932352K), [Metaspace: 2616K->2616K(1056768K)], 0.0479035 secs] [Times: user=0.27 sys=0.00, real=0.05 secs]
```

日志分析：

young区被干掉了，old区快用慢了，整个堆差不多干掉一半，时间 0.0479035 secs
youngGC和fullGC都会使程序暂停


附完整日志：

```
正在执行...
2021-01-30T16:11:49.916+0800: [GC (Allocation Failure) [PSYoungGen: 262144K->43518K(305664K)] 262144K->82664K(1005056K), 0.0147948 secs] [Times: user=0.00 sys=0.13, real=0.02 secs]
2021-01-30T16:11:49.965+0800: [GC (Allocation Failure) [PSYoungGen: 305662K->43512K(305664K)] 344808K->156072K(1005056K), 0.0199160 secs] [Times: user=0.05 sys=0.08, real=0.02 secs]
2021-01-30T16:11:50.016+0800: [GC (Allocation Failure) [PSYoungGen: 305656K->43512K(305664K)] 418216K->238771K(1005056K), 0.0193794 secs] [Times: user=0.14 sys=0.03, real=0.02 secs]
2021-01-30T16:11:50.067+0800: [GC (Allocation Failure) [PSYoungGen: 305656K->43507K(305664K)] 500915K->316614K(1005056K), 0.0178398 secs] [Times: user=0.08 sys=0.05, real=0.02 secs]
2021-01-30T16:11:50.118+0800: [GC (Allocation Failure) [PSYoungGen: 305651K->43501K(305664K)] 578758K->382590K(1005056K), 0.0169746 secs] [Times: user=0.01 sys=0.09, real=0.02 secs]
2021-01-30T16:11:50.167+0800: [GC (Allocation Failure) [PSYoungGen: 305645K->43507K(160256K)] 644734K->460610K(859648K), 0.0186770 secs] [Times: user=0.03 sys=0.09, real=0.02 secs]
2021-01-30T16:11:50.200+0800: [GC (Allocation Failure) [PSYoungGen: 160243K->73286K(232960K)] 577346K->496085K(932352K), 0.0103279 secs] [Times: user=0.08 sys=0.05, real=0.01 secs]
2021-01-30T16:11:50.225+0800: [GC (Allocation Failure) [PSYoungGen: 190022K->90068K(232960K)] 612821K->523885K(932352K), 0.0122761 secs] [Times: user=0.06 sys=0.06, real=0.01 secs]
2021-01-30T16:11:50.253+0800: [GC (Allocation Failure) [PSYoungGen: 206324K->100801K(232960K)] 640141K->552035K(932352K), 0.0138920 secs] [Times: user=0.00 sys=0.00, real=0.01 secs]
2021-01-30T16:11:50.280+0800: [GC (Allocation Failure) [PSYoungGen: 217537K->72361K(232960K)] 668771K->578268K(932352K), 0.0162187 secs] [Times: user=0.00 sys=0.05, real=0.02 secs]
2021-01-30T16:11:50.312+0800: [GC (Allocation Failure) [PSYoungGen: 188942K->39632K(232960K)] 694848K->608358K(932352K), 0.0149644 secs] [Times: user=0.13 sys=0.00, real=0.01 secs]
2021-01-30T16:11:50.342+0800: [GC (Allocation Failure) [PSYoungGen: 156368K->40413K(232960K)] 725094K->643078K(932352K), 0.0116146 secs] [Times: user=0.06 sys=0.06, real=0.01 secs]
2021-01-30T16:11:50.354+0800: [Full GC (Ergonomics) [PSYoungGen: 40413K->0K(232960K)] [ParOldGen: 602664K->335597K(699392K)] 643078K->335597K(932352K), [Metaspace: 2616K->2616K(1056768K)], 0.0479035 secs] [Times: user=0.27 sys=0.00, real=0.05 secs]
2021-01-30T16:11:50.414+0800: [GC (Allocation Failure) [PSYoungGen: 116736K->38117K(232960K)] 452333K->373714K(932352K), 0.0062283 secs] [Times: user=0.00 sys=0.00, real=0.01 secs]
2021-01-30T16:11:50.435+0800: [GC (Allocation Failure) [PSYoungGen: 154853K->36229K(232960K)] 490450K->405242K(932352K), 0.0082915 secs] [Times: user=0.13 sys=0.00, real=0.01 secs]
2021-01-30T16:11:50.459+0800: [GC (Allocation Failure) [PSYoungGen: 152819K->38353K(232960K)] 521832K->439971K(932352K), 0.0088983 secs] [Times: user=0.00 sys=0.00, real=0.01 secs]
2021-01-30T16:11:50.482+0800: [GC (Allocation Failure) [PSYoungGen: 155089K->44678K(232960K)] 556707K->480368K(932352K), 0.0102460 secs] [Times: user=0.09 sys=0.00, real=0.01 secs]
2021-01-30T16:11:50.507+0800: [GC (Allocation Failure) [PSYoungGen: 160719K->37640K(232960K)] 596409K->511870K(932352K), 0.0090727 secs] [Times: user=0.00 sys=0.00, real=0.01 secs]
2021-01-30T16:11:50.529+0800: [GC (Allocation Failure) [PSYoungGen: 154376K->41573K(232960K)] 628606K->550856K(932352K), 0.0105122 secs] [Times: user=0.05 sys=0.00, real=0.01 secs]
2021-01-30T16:11:50.555+0800: [GC (Allocation Failure) [PSYoungGen: 158309K->40818K(232960K)] 667592K->589477K(932352K), 0.0096354 secs] [Times: user=0.00 sys=0.00, real=0.01 secs]
2021-01-30T16:11:50.579+0800: [GC (Allocation Failure) [PSYoungGen: 157384K->40500K(232960K)] 706043K->623597K(932352K), 0.0102269 secs] [Times: user=0.00 sys=0.00, real=0.01 secs]
2021-01-30T16:11:50.603+0800: [GC (Allocation Failure) [PSYoungGen: 156938K->40953K(232960K)] 740034K->660264K(932352K), 0.0101792 secs] [Times: user=0.06 sys=0.06, real=0.01 secs]
2021-01-30T16:11:50.629+0800: [GC (Allocation Failure) [PSYoungGen: 157689K->39316K(232960K)] 777000K->697136K(932352K), 0.0134185 secs] [Times: user=0.05 sys=0.03, real=0.01 secs]
2021-01-30T16:11:50.643+0800: [Full GC (Ergonomics) [PSYoungGen: 39316K->0K(232960K)] [ParOldGen: 657820K->365189K(699392K)] 697136K->365189K(932352K), [Metaspace: 2616K->2616K(1056768K)], 0.0451124 secs] [Times: user=0.25 sys=0.00, real=0.05 secs]
2021-01-30T16:11:50.703+0800: [GC (Allocation Failure) [PSYoungGen: 116736K->38268K(232960K)] 481925K->403458K(932352K), 0.0047496 secs] [Times: user=0.13 sys=0.00, real=0.00 secs]
2021-01-30T16:11:50.723+0800: [GC (Allocation Failure) [PSYoungGen: 155004K->37646K(232960K)] 520194K->437706K(932352K), 0.0081932 secs] [Times: user=0.00 sys=0.00, real=0.01 secs]
2021-01-30T16:11:50.749+0800: [GC (Allocation Failure) [PSYoungGen: 154382K->35676K(232960K)] 554442K->470414K(932352K), 0.0093854 secs] [Times: user=0.13 sys=0.00, real=0.01 secs]
2021-01-30T16:11:50.772+0800: [GC (Allocation Failure) [PSYoungGen: 152412K->39871K(234496K)] 587150K->506215K(933888K), 0.0089051 secs] [Times: user=0.00 sys=0.00, real=0.01 secs]
执行结束!共生成对象次数:14807
Heap
 PSYoungGen      total 234496K, used 44988K [0x00000000eab00000, 0x0000000100000000, 0x0000000100000000)
  eden space 118272K, 4% used [0x00000000eab00000,0x00000000eafff210,0x00000000f1e80000)
  from space 116224K, 34% used [0x00000000f8e80000,0x00000000fb56ff10,0x0000000100000000)
  to   space 114688K, 0% used [0x00000000f1e80000,0x00000000f1e80000,0x00000000f8e80000)
 ParOldGen       total 699392K, used 466343K [0x00000000c0000000, 0x00000000eab00000, 0x00000000eab00000)
  object space 699392K, 66% used [0x00000000c0000000,0x00000000dc769dc8,0x00000000eab00000)
 Metaspace       used 2623K, capacity 4486K, committed 4864K, reserved 1056768K
  class space    used 288K, capacity 386K, committed 512K, reserved 1048576K
```

如果加上自适应参数`-XX:-UseAdaptiveSizePolicy`, 可以使得young区和堆的内存分配大小不变

调小内存参数，分析GC日志情况

`java -Xmx256m -Xms256m -XX:+PrintGCDetails -XX:+UseParallelGC -XX:+PrintGCDateStamps GCLogAnalysis`

```
正在执行...
2021-01-30T16:51:18.836+0800: [GC (Allocation Failure) [PSYoungGen: 65536K->10720K(76288K)] 65536K->20939K(251392K), 0.0051172 secs] [Times: user=0.00 sys=0.00, real=0.01 secs]
2021-01-30T16:51:18.855+0800: [GC (Allocation Failure) [PSYoungGen: 76256K->10746K(76288K)] 86475K->39352K(251392K), 0.0060679 secs] [Times: user=0.11 sys=0.02, real=0.01 secs]
2021-01-30T16:51:18.872+0800: [GC (Allocation Failure) [PSYoungGen: 76282K->10734K(76288K)] 104888K->62029K(251392K), 0.0064537 secs] [Times: user=0.02 sys=0.09, real=0.01 secs]
2021-01-30T16:51:18.888+0800: [GC (Allocation Failure) [PSYoungGen: 76270K->10748K(76288K)] 127565K->84918K(251392K), 0.0077146 secs] [Times: user=0.05 sys=0.08, real=0.01 secs]
2021-01-30T16:51:18.905+0800: [GC (Allocation Failure) [PSYoungGen: 76284K->10735K(76288K)] 150454K->110070K(251392K), 0.0079794 secs] [Times: user=0.03 sys=0.09, real=0.01 secs]
2021-01-30T16:51:18.922+0800: [GC (Allocation Failure) [PSYoungGen: 76271K->10749K(40448K)] 175606K->136638K(215552K), 0.0085344 secs] [Times: user=0.06 sys=0.00, real=0.01 secs]
2021-01-30T16:51:18.936+0800: [GC (Allocation Failure) [PSYoungGen: 40445K->17736K(58368K)] 166334K->146252K(233472K), 0.0039080 secs] [Times: user=0.11 sys=0.01, real=0.00 secs]
2021-01-30T16:51:18.945+0800: [GC (Allocation Failure) [PSYoungGen: 47384K->21606K(58368K)] 175900K->153482K(233472K), 0.0066694 secs] [Times: user=0.00 sys=0.00, real=0.01 secs]
2021-01-30T16:51:18.958+0800: [GC (Allocation Failure) [PSYoungGen: 51302K->26110K(58368K)] 183178K->161195K(233472K), 0.0051542 secs] [Times: user=0.00 sys=0.00, real=0.01 secs]
2021-01-30T16:51:18.969+0800: [GC (Allocation Failure) [PSYoungGen: 55702K->13519K(58368K)] 190787K->165817K(233472K), 0.0068773 secs] [Times: user=0.06 sys=0.00, real=0.01 secs]
2021-01-30T16:51:18.977+0800: [Full GC (Ergonomics) [PSYoungGen: 13519K->0K(58368K)] [ParOldGen: 152298K->140128K(175104K)] 165817K->140128K(233472K), [Metaspace: 2616K->2616K(1056768K)], 0.0229853 secs] [Times: user=0.13 sys=0.00, real=0.02 secs]
2021-01-30T16:51:19.004+0800: [GC (Allocation Failure) [PSYoungGen: 29615K->10658K(58368K)] 169743K->150786K(233472K), 0.0019277 secs] [Times: user=0.00 sys=0.00, real=0.00 secs]
2021-01-30T16:51:19.011+0800: [GC (Allocation Failure) [PSYoungGen: 40253K->13173K(58368K)] 180381K->163876K(233472K), 0.0037135 secs] [Times: user=0.00 sys=0.00, real=0.00 secs]
2021-01-30T16:51:19.015+0800: [Full GC (Ergonomics) [PSYoungGen: 13173K->0K(58368K)] [ParOldGen: 150702K->154532K(175104K)] 163876K->154532K(233472K), [Metaspace: 2616K->2616K(1056768K)], 0.0211230 secs] [Times: user=0.02 sys=0.00, real=0.02 secs]
2021-01-30T16:51:19.041+0800: [Full GC (Ergonomics) [PSYoungGen: 29230K->0K(58368K)] [ParOldGen: 154532K->160303K(175104K)] 183763K->160303K(233472K), [Metaspace: 2616K->2616K(1056768K)], 0.0214867 secs] [Times: user=0.11 sys=0.02, real=0.02 secs]
2021-01-30T16:51:19.066+0800: [Full GC (Ergonomics) [PSYoungGen: 29463K->0K(58368K)] [ParOldGen: 160303K->166460K(175104K)] 189767K->166460K(233472K), [Metaspace: 2616K->2616K(1056768K)], 0.0210822 secs] [Times: user=0.13 sys=0.00, real=0.02 secs]
2021-01-30T16:51:19.091+0800: [Full GC (Ergonomics) [PSYoungGen: 29614K->0K(58368K)] [ParOldGen: 166460K->171287K(175104K)] 196074K->171287K(233472K), [Metaspace: 2616K->2616K(1056768K)], 0.0204788 secs] [Times: user=0.11 sys=0.00, real=0.02 secs]
2021-01-30T16:51:19.116+0800: [Full GC (Ergonomics) [PSYoungGen: 29696K->278K(58368K)] [ParOldGen: 171287K->174926K(175104K)] 200983K->175204K(233472K), [Metaspace: 2616K->2616K(1056768K)], 0.0219784 secs] [Times: user=0.13 sys=0.00, real=0.02 secs]
2021-01-30T16:51:19.142+0800: [Full GC (Ergonomics) [PSYoungGen: 29499K->5529K(58368K)] [ParOldGen: 174926K->175016K(175104K)] 204425K->180545K(233472K), [Metaspace: 2616K->2616K(1056768K)], 0.0219295 secs] [Times: user=0.13 sys=0.00, real=0.02 secs]
2021-01-30T16:51:19.168+0800: [Full GC (Ergonomics) [PSYoungGen: 28982K->8801K(58368K)] [ParOldGen: 175016K->174473K(175104K)] 203999K->183275K(233472K), [Metaspace: 2616K->2616K(1056768K)], 0.0213650 secs] [Times: user=0.11 sys=0.02, real=0.02 secs]
2021-01-30T16:51:19.191+0800: [Full GC (Ergonomics) [PSYoungGen: 29352K->12416K(58368K)] [ParOldGen: 174473K->174721K(175104K)] 203825K->187138K(233472K), [Metaspace: 2616K->2616K(1056768K)], 0.0225720 secs] [Times: user=0.13 sys=0.00, real=0.02 secs]
2021-01-30T16:51:19.217+0800: [Full GC (Ergonomics) [PSYoungGen: 29676K->12720K(58368K)] [ParOldGen: 174721K->174627K(175104K)] 204398K->187347K(233472K), [Metaspace: 2616K->2616K(1056768K)], 0.0234932 secs] [Times: user=0.25 sys=0.00, real=0.02 secs]
2021-01-30T16:51:19.243+0800: [Full GC (Ergonomics) [PSYoungGen: 29696K->16869K(58368K)] [ParOldGen: 174627K->174616K(175104K)] 204323K->191485K(233472K), [Metaspace: 2616K->2616K(1056768K)], 0.0227059 secs] [Times: user=0.13 sys=0.00, real=0.02 secs]
2021-01-30T16:51:19.268+0800: [Full GC (Ergonomics) [PSYoungGen: 29696K->18153K(58368K)] [ParOldGen: 174616K->174760K(175104K)] 204312K->192914K(233472K), [Metaspace: 2616K->2616K(1056768K)], 0.0214018 secs] [Times: user=0.05 sys=0.00, real=0.02 secs]
2021-01-30T16:51:19.291+0800: [Full GC (Ergonomics) [PSYoungGen: 29653K->20479K(58368K)] [ParOldGen: 174760K->174988K(175104K)] 204414K->195467K(233472K), [Metaspace: 2616K->2616K(1056768K)], 0.0208566 secs] [Times: user=0.13 sys=0.00, real=0.02 secs]
2021-01-30T16:51:19.314+0800: [Full GC (Ergonomics) [PSYoungGen: 29129K->21082K(58368K)] [ParOldGen: 174988K->174833K(175104K)] 204117K->195915K(233472K), [Metaspace: 2616K->2616K(1056768K)], 0.0196648 secs] [Times: user=0.13 sys=0.00, real=0.02 secs]
2021-01-30T16:51:19.338+0800: [Full GC (Ergonomics) [PSYoungGen: 29599K->24132K(58368K)] [ParOldGen: 174833K->174500K(175104K)] 204432K->198633K(233472K), [Metaspace: 2616K->2616K(1056768K)], 0.0218162 secs] [Times: user=0.13 sys=0.00, real=0.02 secs]
2021-01-30T16:51:19.360+0800: [Full GC (Ergonomics) [PSYoungGen: 29522K->22506K(58368K)] [ParOldGen: 174500K->175096K(175104K)] 204023K->197602K(233472K), [Metaspace: 2616K->2616K(1056768K)], 0.0255917 secs] [Times: user=0.13 sys=0.00, real=0.03 secs]
2021-01-30T16:51:19.387+0800: [Full GC (Ergonomics) [PSYoungGen: 29573K->21493K(58368K)] [ParOldGen: 175096K->174851K(175104K)] 204669K->196344K(233472K), [Metaspace: 2616K->2616K(1056768K)], 0.0240786 secs] [Times: user=0.20 sys=0.00, real=0.02 secs]
2021-01-30T16:51:19.413+0800: [Full GC (Ergonomics) [PSYoungGen: 29349K->23789K(58368K)] [ParOldGen: 174851K->174856K(175104K)] 204200K->198645K(233472K), [Metaspace: 2616K->2616K(1056768K)], 0.0255063 secs] [Times: user=0.11 sys=0.00, real=0.02 secs]
2021-01-30T16:51:19.439+0800: [Full GC (Ergonomics) [PSYoungGen: 29604K->25326K(58368K)] [ParOldGen: 174856K->174996K(175104K)] 204460K->200322K(233472K), [Metaspace: 2616K->2616K(1056768K)], 0.0218329 secs] [Times: user=0.11 sys=0.00, real=0.02 secs]
2021-01-30T16:51:19.462+0800: [Full GC (Ergonomics) [PSYoungGen: 29329K->26533K(58368K)] [ParOldGen: 174996K->174725K(175104K)] 204325K->201259K(233472K), [Metaspace: 2616K->2616K(1056768K)], 0.0127737 secs] [Times: user=0.13 sys=0.00, real=0.01 secs]
2021-01-30T16:51:19.476+0800: [Full GC (Ergonomics) [PSYoungGen: 29389K->27765K(58368K)] [ParOldGen: 174725K->174586K(175104K)] 204114K->202351K(233472K), [Metaspace: 2616K->2616K(1056768K)], 0.0144905 secs] [Times: user=0.13 sys=0.00, real=0.01 secs]
2021-01-30T16:51:19.491+0800: [Full GC (Ergonomics) [PSYoungGen: 29347K->28075K(58368K)] [ParOldGen: 174586K->174781K(175104K)] 203934K->202856K(233472K), [Metaspace: 2616K->2616K(1056768K)], 0.0200965 secs] [Times: user=0.11 sys=0.02, real=0.02 secs]
2021-01-30T16:51:19.511+0800: [Full GC (Ergonomics) [PSYoungGen: 29220K->28333K(58368K)] [ParOldGen: 174781K->174735K(175104K)] 204002K->203068K(233472K), [Metaspace: 2616K->2616K(1056768K)], 0.0053124 secs] [Times: user=0.00 sys=0.00, real=0.01 secs]
2021-01-30T16:51:19.517+0800: [Full GC (Ergonomics) [PSYoungGen: 29620K->28929K(58368K)] [ParOldGen: 174735K->174735K(175104K)] 204355K->203664K(233472K), [Metaspace: 2616K->2616K(1056768K)], 0.0040529 secs] [Times: user=0.00 sys=0.00, real=0.01 secs]
2021-01-30T16:51:19.522+0800: [Full GC (Ergonomics) [PSYoungGen: 29673K->28907K(58368K)] [ParOldGen: 174735K->174625K(175104K)] 204409K->203533K(233472K), [Metaspace: 2616K->2616K(1056768K)], 0.0142331 secs] [Times: user=0.05 sys=0.00, real=0.01 secs]
2021-01-30T16:51:19.537+0800: [Full GC (Ergonomics) [PSYoungGen: 29602K->29287K(58368K)] [ParOldGen: 174625K->174583K(175104K)] 204227K->203870K(233472K), [Metaspace: 2616K->2616K(1056768K)], 0.0175672 secs] [Times: user=0.13 sys=0.00, real=0.02 secs]
2021-01-30T16:51:19.555+0800: [Full GC (Ergonomics) [PSYoungGen: 29431K->29359K(58368K)] [ParOldGen: 174583K->174583K(175104K)] 204014K->203942K(233472K), [Metaspace: 2616K->2616K(1056768K)], 0.0033332 secs] [Times: user=0.00 sys=0.00, real=0.00 secs]
2021-01-30T16:51:19.558+0800: [Full GC (Ergonomics) [PSYoungGen: 29676K->29503K(58368K)] [ParOldGen: 174583K->174583K(175104K)] 204259K->204086K(233472K), [Metaspace: 2616K->2616K(1056768K)], 0.0033587 secs] [Times: user=0.00 sys=0.00, real=0.00 secs]
2021-01-30T16:51:19.562+0800: [Full GC (Ergonomics) [PSYoungGen: 29696K->29216K(58368K)] [ParOldGen: 174583K->174583K(175104K)] 204279K->203799K(233472K), [Metaspace: 2616K->2616K(1056768K)], 0.0038972 secs] [Times: user=0.02 sys=0.00, real=0.01 secs]
2021-01-30T16:51:19.568+0800: [Full GC (Ergonomics) [PSYoungGen: 29567K->29287K(58368K)] [ParOldGen: 174583K->174583K(175104K)] 204150K->203870K(233472K), [Metaspace: 2616K->2616K(1056768K)], 0.0040050 secs] [Times: user=0.00 sys=0.00, real=0.00 secs]
2021-01-30T16:51:19.574+0800: [Full GC (Ergonomics) [PSYoungGen: 29686K->29287K(58368K)] [ParOldGen: 174583K->174583K(175104K)] 204269K->203870K(233472K), [Metaspace: 2616K->2616K(1056768K)], 0.0057594 secs] [Times: user=0.00 sys=0.00, real=0.01 secs]
2021-01-30T16:51:19.580+0800: [Full GC (Ergonomics) [PSYoungGen: 29661K->29233K(58368K)] [ParOldGen: 174583K->174583K(175104K)] 204245K->203816K(233472K), [Metaspace: 2616K->2616K(1056768K)], 0.0057717 secs] [Times: user=0.00 sys=0.00, real=0.01 secs]
2021-01-30T16:51:19.585+0800: [Full GC (Ergonomics) [PSYoungGen: 29613K->29334K(58368K)] [ParOldGen: 174583K->174583K(175104K)] 204197K->203917K(233472K), [Metaspace: 2616K->2616K(1056768K)], 0.0032947 secs] [Times: user=0.00 sys=0.00, real=0.00 secs]
2021-01-30T16:51:19.589+0800: [Full GC (Ergonomics) [PSYoungGen: 29580K->28796K(58368K)] [ParOldGen: 175097K->175010K(175104K)] 204677K->203807K(233472K), [Metaspace: 2616K->2616K(1056768K)], 0.0116396 secs] [Times: user=0.11 sys=0.00, real=0.01 secs]
2021-01-30T16:51:19.602+0800: [Full GC (Ergonomics) [PSYoungGen: 29649K->29207K(58368K)] [ParOldGen: 175010K->174764K(175104K)] 204660K->203972K(233472K), [Metaspace: 2616K->2616K(1056768K)], 0.0112397 secs] [Times: user=0.11 sys=0.00, real=0.01 secs]
2021-01-30T16:51:19.614+0800: [Full GC (Ergonomics) [PSYoungGen: 29386K->29207K(58368K)] [ParOldGen: 174764K->174764K(175104K)] 204150K->203972K(233472K), [Metaspace: 2616K->2616K(1056768K)], 0.0083939 secs] [Times: user=0.00 sys=0.00, real=0.01 secs]
2021-01-30T16:51:19.622+0800: [Full GC (Ergonomics) [PSYoungGen: 29550K->29550K(58368K)] [ParOldGen: 174764K->174764K(175104K)] 204315K->204315K(233472K), [Metaspace: 2616K->2616K(1056768K)], 0.0070638 secs] [Times: user=0.13 sys=0.00, real=0.01 secs]
2021-01-30T16:51:19.630+0800: [Full GC (Ergonomics) [PSYoungGen: 29681K->29550K(58368K)] [ParOldGen: 175038K->174984K(175104K)] 204719K->204535K(233472K), [Metaspace: 2616K->2616K(1056768K)], 0.0068579 secs] [Times: user=0.00 sys=0.00, real=0.01 secs]
2021-01-30T16:51:19.637+0800: [Full GC (Ergonomics) [PSYoungGen: 29696K->29553K(58368K)] [ParOldGen: 174984K->174912K(175104K)] 204680K->204465K(233472K), [Metaspace: 2616K->2616K(1056768K)], 0.0053393 secs] [Times: user=0.00 sys=0.00, real=0.01 secs]
2021-01-30T16:51:19.644+0800: [Full GC (Ergonomics) [PSYoungGen: 29574K->29550K(58368K)] [ParOldGen: 174912K->174912K(175104K)] 204487K->204463K(233472K), [Metaspace: 2616K->2616K(1056768K)], 0.0038827 secs] [Times: user=0.00 sys=0.00, real=0.00 secs]
2021-01-30T16:51:19.648+0800: [Full GC (Allocation Failure) [PSYoungGen: 29550K->29550K(58368K)] [ParOldGen: 174912K->174893K(175104K)] 204463K->204444K(233472K), [Metaspace: 2616K->2616K(1056768K)], 0.0244195 secs] [Times: user=0.11 sys=0.03, real=0.03 secs]
Exception in thread "main" java.lang.OutOfMemoryError: Java heap space
        at GCLogAnalysis.generateGarbage(GCLogAnalysis.java:48)
        at GCLogAnalysis.main(GCLogAnalysis.java:25)
Heap
 PSYoungGen      total 58368K, used 29696K [0x00000000fab00000, 0x0000000100000000, 0x0000000100000000)
  eden space 29696K, 100% used [0x00000000fab00000,0x00000000fc800000,0x00000000fc800000)
  from space 28672K, 0% used [0x00000000fe400000,0x00000000fe400000,0x0000000100000000)
  to   space 28672K, 0% used [0x00000000fc800000,0x00000000fc800000,0x00000000fe400000)
 ParOldGen       total 175104K, used 174893K [0x00000000f0000000, 0x00000000fab00000, 0x00000000fab00000)
  object space 175104K, 99% used [0x00000000f0000000,0x00000000faacb568,0x00000000fab00000)
 Metaspace       used 2646K, capacity 4486K, committed 4864K, reserved 1056768K
  class space    used 291K, capacity 386K, committed 512K, reserved 1048576K
```

可以发现到后面，old区回收不掉了，一直在触发full gc

接下来，调大内存

`java -Xmx4g -Xms4g -XX:+PrintGCDetails -XX:+UseParallelGC -XX:+PrintGCDateStamps GCLogAnalysis`

```
正在执行...
2021-01-30T17:26:24.689+0800: [GC (Allocation Failure) [PSYoungGen: 1048576K->174588K(1223168K)] 1048576K->231711K(4019712K), 0.0411702 secs] [Times: user=0.05 sys=0.20, real=0.04 secs]
2021-01-30T17:26:24.873+0800: [GC (Allocation Failure) [PSYoungGen: 1223164K->174580K(1223168K)] 1280287K->350163K(4019712K), 0.0557935 secs] [Times: user=0.16 sys=0.31, real=0.06 secs]
2021-01-30T17:26:25.064+0800: [GC (Allocation Failure) [PSYoungGen: 1223156K->174587K(1223168K)] 1398739K->462912K(4019712K), 0.0469214 secs] [Times: user=0.13 sys=0.08, real=0.05 secs]
执行结束!共生成对象次数:11837
Heap
 PSYoungGen      total 1223168K, used 238886K [0x000000076ab00000, 0x00000007c0000000, 0x00000007c0000000)
  eden space 1048576K, 6% used [0x000000076ab00000,0x000000076e9cad28,0x00000007aab00000)
  from space 174592K, 99% used [0x00000007aab00000,0x00000007b557ede8,0x00000007b5580000)
  to   space 174592K, 0% used [0x00000007b5580000,0x00000007b5580000,0x00000007c0000000)
 ParOldGen       total 2796544K, used 288325K [0x00000006c0000000, 0x000000076ab00000, 0x000000076ab00000)
  object space 2796544K, 10% used [0x00000006c0000000,0x00000006d1991488,0x000000076ab00000)
 Metaspace       used 2623K, capacity 4486K, committed 4864K, reserved 1056768K
  class space    used 288K, capacity 386K, committed 512K, reserved 1048576K
```

有很长时间，jvm没干活，吞吐量不好


结论：
- 堆太大，gc时间长
- 堆太小，oom
- 堆内存的使用在不影响系统性能的情况下，尽量的小

## 不同GC策略

1. 串行GC

`java -Xmx1g -Xms1g -XX:+PrintGCDetails -XX:+UseSerialGC -XX:+PrintGCDateStamps GCLogAnalysis`

日志分析

```
正在执行...
2021-01-30T17:43:51.466+0800: [GC (Allocation Failure) 2021-01-30T17:43:51.468+0800: [DefNew: 279497K->34943K(314560K), 0.0503955 secs] 279497K->88660K(1013632K), 0.0512075 secs] [Times: user=0.05 sys=0.02, real=0.05 secs]
2021-01-30T17:43:51.557+0800: [GC (Allocation Failure) 2021-01-30T17:43:51.558+0800: [DefNew: 314290K->34942K(314560K), 0.0633183 secs] 368007K->165550K(1013632K), 0.0640670 secs] [Times: user=0.02 sys=0.05, real=0.07 secs]
2021-01-30T17:43:51.661+0800: [GC (Allocation Failure) 2021-01-30T17:43:51.663+0800: [DefNew: 314558K->34944K(314560K), 0.0467660 secs] 445166K->240148K(1013632K), 0.0490690 secs] [Times: user=0.03 sys=0.02, real=0.05 secs]
2021-01-30T17:43:51.746+0800: [GC (Allocation Failure) 2021-01-30T17:43:51.748+0800: [DefNew: 314560K->34943K(314560K), 0.0487938 secs] 519764K->316068K(1013632K), 0.0506260 secs] [Times: user=0.03 sys=0.00, real=0.05 secs]
2021-01-30T17:43:51.835+0800: [GC (Allocation Failure) 2021-01-30T17:43:51.836+0800: [DefNew: 314559K->34942K(314560K), 0.0474559 secs] 595684K->392460K(1013632K), 0.0485696 secs] [Times: user=0.03 sys=0.02, real=0.05 secs]
2021-01-30T17:43:51.919+0800: [GC (Allocation Failure) 2021-01-30T17:43:51.919+0800: [DefNew: 314558K->34943K(314560K), 0.0509585 secs] 672076K->474245K(1013632K), 0.0516653 secs] [Times: user=0.03 sys=0.03, real=0.05 secs]
2021-01-30T17:43:52.006+0800: [GC (Allocation Failure) 2021-01-30T17:43:52.008+0800: [DefNew: 314559K->34943K(314560K), 0.0459868 secs] 753861K->549039K(1013632K), 0.0472740 secs] [Times: user=0.03 sys=0.02, real=0.05 secs]
2021-01-30T17:43:52.088+0800: [GC (Allocation Failure) 2021-01-30T17:43:52.089+0800: [DefNew: 314559K->34943K(314560K), 0.0487058 secs] 828655K->626230K(1013632K), 0.0492638 secs] [Times: user=0.01 sys=0.01, real=0.05 secs]
2021-01-30T17:43:52.172+0800: [GC (Allocation Failure) 2021-01-30T17:43:52.173+0800: [DefNew: 314559K->34944K(314560K), 0.0498831 secs] 905846K->707550K(1013632K), 0.0506052 secs] [Times: user=0.03 sys=0.02, real=0.05 secs]
2021-01-30T17:43:52.258+0800: [GC (Allocation Failure) 2021-01-30T17:43:52.258+0800: [DefNew: 314560K->314560K(314560K), 0.0004346 secs]2021-01-30T17:43:52.259+0800: [Tenured: 672606K->370648K(699072K), 0.0501665 secs] 987166K->370648K(1013632K), [Metaspace: 2616K->2616K(1056768K)], 0.0518517 secs] [Times: user=0.05 sys=0.00, real=0.05 secs]
执行结束!共生成对象次数:10574
Heap
 def new generation   total 314560K, used 11413K [0x00000000c0000000, 0x00000000d5550000, 0x00000000d5550000)
  eden space 279616K,   4% used [0x00000000c0000000, 0x00000000c0b25520, 0x00000000d1110000)
  from space 34944K,   0% used [0x00000000d3330000, 0x00000000d3330000, 0x00000000d5550000)
  to   space 34944K,   0% used [0x00000000d1110000, 0x00000000d1110000, 0x00000000d3330000)
 tenured generation   total 699072K, used 370648K [0x00000000d5550000, 0x0000000100000000, 0x0000000100000000)
   the space 699072K,  53% used [0x00000000d5550000, 0x00000000ebf46200, 0x00000000ebf46200, 0x0000000100000000)
 Metaspace       used 2623K, capacity 4486K, committed 4864K, reserved 1056768K
  class space    used 288K, capacity 386K, committed 512K, reserved 1048576K

```

里面有一次FullGC
总共暂停了520ms

2. 并行GC

`java -Xmx1g -Xms1g -XX:+PrintGCDetails -XX:+UseSerialGC -XX:+PrintGCDateStamps GCLogAnalysis`

```
正在执行...
2021-01-30T17:44:25.382+0800: [GC (Allocation Failure) [PSYoungGen: 262144K->43517K(305664K)] 262144K->80843K(1005056K), 0.0153675 secs] [Times: user=0.06 sys=0.06, real=0.02 secs]
2021-01-30T17:44:25.436+0800: [GC (Allocation Failure) [PSYoungGen: 305090K->43507K(305664K)] 342415K->150316K(1005056K), 0.0212089 secs] [Times: user=0.03 sys=0.22, real=0.02 secs]
2021-01-30T17:44:25.497+0800: [GC (Allocation Failure) [PSYoungGen: 305651K->43516K(305664K)] 412460K->222504K(1005056K), 0.0194142 secs] [Times: user=0.11 sys=0.00, real=0.02 secs]
2021-01-30T17:44:25.556+0800: [GC (Allocation Failure) [PSYoungGen: 305660K->43518K(305664K)] 484648K->300863K(1005056K), 0.0204878 secs] [Times: user=0.05 sys=0.06, real=0.02 secs]
2021-01-30T17:44:25.612+0800: [GC (Allocation Failure) [PSYoungGen: 305662K->43503K(305664K)] 563007K->371294K(1005056K), 0.0179238 secs] [Times: user=0.03 sys=0.05, real=0.02 secs]
2021-01-30T17:44:25.670+0800: [GC (Allocation Failure) [PSYoungGen: 305647K->43504K(160256K)] 633438K->440775K(859648K), 0.0185493 secs] [Times: user=0.14 sys=0.05, real=0.02 secs]
2021-01-30T17:44:25.706+0800: [GC (Allocation Failure) [PSYoungGen: 160135K->76137K(232960K)] 557407K->482070K(932352K), 0.0136527 secs] [Times: user=0.00 sys=0.00, real=0.01 secs]
2021-01-30T17:44:25.738+0800: [GC (Allocation Failure) [PSYoungGen: 192873K->94221K(232960K)] 598806K->509432K(932352K), 0.0155836 secs] [Times: user=0.11 sys=0.02, real=0.02 secs]
2021-01-30T17:44:25.771+0800: [GC (Allocation Failure) [PSYoungGen: 210926K->106623K(232960K)] 626137K->537962K(932352K), 0.0159574 secs] [Times: user=0.06 sys=0.03, real=0.02 secs]
2021-01-30T17:44:25.802+0800: [GC (Allocation Failure) [PSYoungGen: 223359K->78939K(232960K)] 654698K->570106K(932352K), 0.0207955 secs] [Times: user=0.05 sys=0.08, real=0.02 secs]
2021-01-30T17:44:25.840+0800: [GC (Allocation Failure) [PSYoungGen: 195675K->39802K(232960K)] 686842K->603997K(932352K), 0.0199780 secs] [Times: user=0.06 sys=0.05, real=0.02 secs]
2021-01-30T17:44:25.876+0800: [GC (Allocation Failure) [PSYoungGen: 156538K->41724K(232960K)] 720733K->642124K(932352K), 0.0107172 secs] [Times: user=0.01 sys=0.00, real=0.01 secs]
2021-01-30T17:44:25.887+0800: [Full GC (Ergonomics) [PSYoungGen: 41724K->0K(232960K)] [ParOldGen: 600400K->337019K(699392K)] 642124K->337019K(932352K), [Metaspace: 2616K->2616K(1056768K)], 0.0502559 secs] [Times: user=0.30 sys=0.03, real=0.05 secs]
2021-01-30T17:44:25.953+0800: [GC (Allocation Failure) [PSYoungGen: 116736K->40083K(232960K)] 453755K->377103K(932352K), 0.0074561 secs] [Times: user=0.13 sys=0.00, real=0.01 secs]
2021-01-30T17:44:25.978+0800: [GC (Allocation Failure) [PSYoungGen: 156819K->36274K(232960K)] 493839K->405856K(932352K), 0.0079582 secs] [Times: user=0.11 sys=0.00, real=0.01 secs]
2021-01-30T17:44:26.004+0800: [GC (Allocation Failure) [PSYoungGen: 153010K->42331K(232960K)] 522592K->444690K(932352K), 0.0133874 secs] [Times: user=0.09 sys=0.00, real=0.01 secs]
2021-01-30T17:44:26.035+0800: [GC (Allocation Failure) [PSYoungGen: 158990K->35695K(232960K)] 561349K->476370K(932352K), 0.0116368 secs] [Times: user=0.00 sys=0.00, real=0.01 secs]
2021-01-30T17:44:26.066+0800: [GC (Allocation Failure) [PSYoungGen: 152431K->40054K(232960K)] 593106K->512953K(932352K), 0.0090561 secs] [Times: user=0.00 sys=0.00, real=0.01 secs]
2021-01-30T17:44:26.095+0800: [GC (Allocation Failure) [PSYoungGen: 156790K->39891K(232960K)] 629689K->549469K(932352K), 0.0091534 secs] [Times: user=0.00 sys=0.00, real=0.01 secs]
2021-01-30T17:44:26.124+0800: [GC (Allocation Failure) [PSYoungGen: 156627K->39435K(232960K)] 666205K->583462K(932352K), 0.0116777 secs] [Times: user=0.11 sys=0.00, real=0.01 secs]
2021-01-30T17:44:26.154+0800: [GC (Allocation Failure) [PSYoungGen: 156171K->39369K(232960K)] 700198K->615388K(932352K), 0.0115086 secs] [Times: user=0.11 sys=0.00, real=0.01 secs]
2021-01-30T17:44:26.182+0800: [GC (Allocation Failure) [PSYoungGen: 155614K->40564K(232960K)] 731633K->650408K(932352K), 0.0105132 secs] [Times: user=0.06 sys=0.01, real=0.01 secs]
2021-01-30T17:44:26.214+0800: [GC (Allocation Failure) [PSYoungGen: 157300K->40791K(232960K)] 767144K->686858K(932352K), 0.0103375 secs] [Times: user=0.08 sys=0.05, real=0.01 secs]
2021-01-30T17:44:26.226+0800: [Full GC (Ergonomics) [PSYoungGen: 40791K->0K(232960K)] [ParOldGen: 646066K->349756K(699392K)] 686858K->349756K(932352K), [Metaspace: 2616K->2616K(1056768K)], 0.0501120 secs] [Times: user=0.30 sys=0.00, real=0.05 secs]
执行结束!共生成对象次数:13206
Heap
 PSYoungGen      total 232960K, used 5180K [0x00000000eab00000, 0x0000000100000000, 0x0000000100000000)
  eden space 116736K, 4% used [0x00000000eab00000,0x00000000eb00f390,0x00000000f1d00000)
  from space 116224K, 0% used [0x00000000f8e80000,0x00000000f8e80000,0x0000000100000000)
  to   space 116224K, 0% used [0x00000000f1d00000,0x00000000f1d00000,0x00000000f8e80000)
 ParOldGen       total 699392K, used 349756K [0x00000000c0000000, 0x00000000eab00000, 0x00000000eab00000)
  object space 699392K, 50% used [0x00000000c0000000,0x00000000d558f168,0x00000000eab00000)
 Metaspace       used 2623K, capacity 4486K, committed 4864K, reserved 1056768K
  class space    used 288K, capacity 386K, committed 512K, reserved 1048576K

```

跟串行GC相比，GC次数变多了，但是每次时间变少了，总体吞吐量稍高

总共暂停了420ms

3. CMS GC

`java -Xmx1g -Xms1g -XX:+PrintGCDetails -XX:+UseConcMarkSweepGC -XX:+PrintGCDateStamps GCLogAnalysis`

```
正在执行...
2021-01-30T17:49:58.822+0800: [GC (Allocation Failure) 2021-01-30T17:49:58.823+0800: [ParNew: 279382K->34943K(314560K), 0.0172819 secs] 279382K->86404K(1013632K), 0.0181774 secs] [Times: user=0.05 sys=0.06, real=0.02 secs]
2021-01-30T17:49:58.886+0800: [GC (Allocation Failure) 2021-01-30T17:49:58.887+0800: [ParNew: 314559K->34944K(314560K), 0.0211870 secs] 366020K->161458K(1013632K), 0.0220248 secs] [Times: user=0.11 sys=0.02, real=0.02 secs]
2021-01-30T17:49:58.952+0800: [GC (Allocation Failure) 2021-01-30T17:49:58.953+0800: [ParNew: 314560K->34944K(314560K), 0.0515829 secs] 441074K->239118K(1013632K), 0.0521922 secs] [Times: user=0.38 sys=0.05, real=0.05 secs]
2021-01-30T17:49:59.041+0800: [GC (Allocation Failure) 2021-01-30T17:49:59.041+0800: [ParNew: 314560K->34942K(314560K), 0.0515137 secs] 518734K->319474K(1013632K), 0.0520269 secs] [Times: user=0.25 sys=0.03, real=0.05 secs]
2021-01-30T17:49:59.134+0800: [GC (Allocation Failure) 2021-01-30T17:49:59.135+0800: [ParNew: 314558K->34943K(314560K), 0.0587010 secs] 599090K->397520K(1013632K), 0.0593167 secs] [Times: user=0.31 sys=0.09, real=0.06 secs]
2021-01-30T17:49:59.194+0800: [GC (CMS Initial Mark) [1 CMS-initial-mark: 362576K(699072K)] 403861K(1013632K), 0.0008190 secs] [Times: user=0.00 sys=0.00, real=0.00 secs]
2021-01-30T17:49:59.196+0800: [CMS-concurrent-mark-start]
2021-01-30T17:49:59.200+0800: [CMS-concurrent-mark: 0.003/0.003 secs] [Times: user=0.00 sys=0.00, real=0.00 secs]
2021-01-30T17:49:59.200+0800: [CMS-concurrent-preclean-start]
2021-01-30T17:49:59.202+0800: [CMS-concurrent-preclean: 0.001/0.001 secs] [Times: user=0.02 sys=0.00, real=0.01 secs]
2021-01-30T17:49:59.209+0800: [CMS-concurrent-abortable-preclean-start]
2021-01-30T17:49:59.242+0800: [GC (Allocation Failure) 2021-01-30T17:49:59.243+0800: [ParNew: 314559K->34943K(314560K), 0.0599771 secs] 677136K->476279K(1013632K), 0.0605728 secs] [Times: user=0.27 sys=0.08, real=0.06 secs]
2021-01-30T17:49:59.343+0800: [GC (Allocation Failure) 2021-01-30T17:49:59.343+0800: [ParNew: 314559K->34944K(314560K), 0.0596848 secs] 755895K->559427K(1013632K), 0.0601705 secs] [Times: user=0.42 sys=0.06, real=0.06 secs]
2021-01-30T17:49:59.443+0800: [GC (Allocation Failure) 2021-01-30T17:49:59.443+0800: [ParNew2021-01-30T17:49:59.506+0800: [CMS-concurrent-abortable-preclean: 0.007/0.297 secs] [Times: user=1.08 sys=0.20, real=0.30 secs]
: 314560K->34943K(314560K), 0.0646397 secs] 839043K->641129K(1013632K), 0.0651625 secs] [Times: user=0.28 sys=0.06, real=0.06 secs]
2021-01-30T17:49:59.508+0800: [GC (CMS Final Remark) [YG occupancy: 40509 K (314560 K)]2021-01-30T17:49:59.509+0800: [Rescan (parallel) , 0.0006908 secs]2021-01-30T17:49:59.510+0800: [weak refs processing, 0.0006670 secs]2021-01-30T17:49:59.510+0800: [class unloading, 0.0004492 secs]2021-01-30T17:49:59.511+0800: [scrub symbol table, 0.0004339 secs]2021-01-30T17:49:59.511+0800: [scrub string table, 0.0006005 secs][1 CMS-remark: 606185K(699072K)] 646694K(1013632K), 0.0038867 secs] [Times: user=0.00 sys=0.00, real=0.00 secs]
2021-01-30T17:49:59.513+0800: [CMS-concurrent-sweep-start]
2021-01-30T17:49:59.514+0800: [CMS-concurrent-sweep: 0.001/0.001 secs] [Times: user=0.00 sys=0.00, real=0.00 secs]
2021-01-30T17:49:59.517+0800: [CMS-concurrent-reset-start]
2021-01-30T17:49:59.525+0800: [CMS-concurrent-reset: 0.005/0.005 secs] [Times: user=0.00 sys=0.00, real=0.01 secs]
2021-01-30T17:49:59.555+0800: [GC (Allocation Failure) 2021-01-30T17:49:59.556+0800: [ParNew: 314559K->34942K(314560K), 0.0182039 secs] 791139K->600002K(1013632K), 0.0187229 secs] [Times: user=0.09 sys=0.00, real=0.02 secs]
2021-01-30T17:49:59.575+0800: [GC (CMS Initial Mark) [1 CMS-initial-mark: 565060K(699072K)] 600290K(1013632K), 0.0006293 secs] [Times: user=0.00 sys=0.00, real=0.00 secs]
2021-01-30T17:49:59.577+0800: [CMS-concurrent-mark-start]
2021-01-30T17:49:59.579+0800: [CMS-concurrent-mark: 0.002/0.002 secs] [Times: user=0.00 sys=0.00, real=0.00 secs]
2021-01-30T17:49:59.579+0800: [CMS-concurrent-preclean-start]
2021-01-30T17:49:59.582+0800: [CMS-concurrent-preclean: 0.001/0.001 secs] [Times: user=0.02 sys=0.00, real=0.00 secs]
2021-01-30T17:49:59.583+0800: [CMS-concurrent-abortable-preclean-start]
2021-01-30T17:49:59.616+0800: [GC (Allocation Failure) 2021-01-30T17:49:59.618+0800: [ParNew: 314558K->34943K(314560K), 0.0361242 secs] 879618K->675541K(1013632K), 0.0374438 secs] [Times: user=0.22 sys=0.02, real=0.04 secs]
执行结束!共生成对象次数:10514
Heap
 par new generation   total 314560K, used 53786K [0x00000000c0000000, 0x00000000d5550000, 0x00000000d5550000)
  eden space 279616K,   6% used [0x00000000c0000000, 0x00000000c1266be0, 0x00000000d1110000)
  from space 34944K,  99% used [0x00000000d1110000, 0x00000000d332fe40, 0x00000000d3330000)
  to   space 34944K,   0% used [0x00000000d3330000, 0x00000000d3330000, 0x00000000d5550000)
 concurrent mark-sweep generation total 699072K, used 640598K [0x00000000d5550000, 0x0000000100000000, 0x0000000100000000)
 Metaspace       used 2623K, capacity 4486K, committed 4864K, reserved 1056768K
  class space    used 288K, capacity 386K, committed 512K, reserved 1048576K
```

做CMS GC的时候非常快，但其实耗时还是比较长

4. G1 GC

`java -Xmx1g -Xms1g -XX:+PrintGCDetails -XX:+UseG1GC -XX:+PrintGCDateStamps GCLogAnalysis`

```
执行结束!共生成对象次数:5945
Heap
 garbage-first heap   total 1048576K, used 608067K [0x00000000c0000000, 0x00000000c0102000, 0x0000000100000000)
  region size 1024K, 44 young (45056K), 7 survivors (7168K)
 Metaspace       used 2623K, capacity 4486K, committed 4864K, reserved 1056768K
  class space    used 288K, capacity 386K, committed 512K, reserved 1048576K
```

生成对象很少，跟老师演示的不一样，不知道是什么原因

